{
  "room": 13,
  "level": 2,
  "ks": [
    1.0
  ],
  "entities": [
    "light.guest_room"
  ],
  "pose": {
    "pos": [
      4.300000000000001,
      22.77,
      17.926000175476073
    ],
    "target": [
      4.300000000000001,
      20.39,
      11.899999999999999
    ],
    "fov": 74,
    "probe": {
      "clear": 9.03,
      "dist": 6.03
    }
  },
  "at_on": [
    4.3,
    22.77,
    17.93
  ],
  "probe": {
    "out": [
      {
        "id": 235,
        "glow": 1,
        "shown": true,
        "on": true,
        "parts": [
          "mesh_0_5",
          "mesh_0_6"
        ],
        "rect": [
          207,
          232,
          283,
          278
        ],
        "behind": false,
        "dist": 11.7,
        "firstHit": 11.26,
        "occluded": true,
        "onScreen": true
      },
      {
        "id": 369,
        "glow": 1,
        "shown": true,
        "on": true,
        "parts": [
          "mesh_0"
        ],
        "rect": [
          435,
          -243,
          565,
          -114
        ],
        "behind": false,
        "dist": 6.71,
        "firstHit": 6.42,
        "occluded": false,
        "onScreen": false
      }
    ],
    "W": 1000,
    "H": 750,
    "at": [
      4.3,
      22.77,
      17.93
    ]
  },
  "lens_px": 2178,
  "ring_px": 9144,
  "sweep": [
    {
      "mean": 64.2,
      "frame_max": 255.0,
      "nonlens_p99": 247.0,
      "nonlens_p999": 253.0,
      "nonlens_max": 255.0,
      "nonlens_frac_over210": 4.029,
      "lens_px": 2178,
      "lens_median": 243.0,
      "lens_p90": 243.0,
      "lens_max": 248.0,
      "wall_median": 242.0,
      "wall_p90": 252.0,
      "wall_max": 255.0,
      "ratio": 1.0,
      "k": 1.0,
      "fixture_base": 24.0,
      "file": "shots/base_r13_k1_on.png",
      "centre": 56.3,
      "slots": [
        {
          "owner": "object 369",
          "intensity": 76.8,
          "decay": 2,
          "distance": 9.5
        },
        {
          "owner": "object 235",
          "intensity": 76.8,
          "decay": 2,
          "distance": 4.5
        },
        {
          "owner": "room 13 fill",
          "intensity": 0.43,
          "decay": 0.45,
          "distance": 14.8
        }
      ],
      "lit_unlit": 14.07
    }
  ],
  "off": {
    "file": "shots/base_r13_off.png",
    "centre": 4.0,
    "at": [
      4.3,
      22.77,
      17.93
    ],
    "slots": [],
    "all_slots": []
  }
}
